// Jest Snapshot v1, https://goo.gl/fbAQLP

exports[`ManageListingCard matches snapshot (purchase) 1`] = `
<div
  class="root"
>
  <div
    class="clickWrapper"
    tabindex="0"
  >
    <div
      class="root"
    >
      <div
        class="aspectPadding"
        style="padding-bottom: 100%;"
      >
        <div
          class="aspectBox"
        >
          <div
            aria-label="listing1 title"
            class="rootForImage noImageContainer"
            role="img"
            style="background-image: url(/static/listing-covers/default.jpg);"
          />
        </div>
      </div>
    </div>
    <div
      class="menuOverlayWrapper"
    >
      <div
        class="menuOverlay"
      />
    </div>
    <div
      class="menubarWrapper"
    >
      <div
        class="menubarGradient"
      />
      <div
        class="menubar"
      >
        <div
          class="root menu cardIsOpen"
        >
          <button
            class="root menuLabel"
          >
            <div
              class="iconWrapper"
            >
              <svg
                class="menuIcon menuIcon"
                height="12"
                viewBox="0 0 26 12"
                width="26"
                xmlns="http://www.w3.org/2000/svg"
              >
                <defs>
                  <filter
                    filterUnits="objectBoundingBox"
                    height="450%"
                    width="177.8%"
                    x="-38.9%"
                    y="-125%"
                  >
                    <feoffset
                      dy="2"
                      in="SourceAlpha"
                      result="shadowOffsetOuter1"
                    />
                    <fegaussianblur
                      in="shadowOffsetOuter1"
                      result="shadowBlurOuter1"
                      stdDeviation="2"
                    />
                    <fecolormatrix
                      in="shadowBlurOuter1"
                      values="0 0 0 0 0 0 0 0 0 0 0 0 0 0 0 0 0 0 0.5 0"
                    />
                  </filter>
                </defs>
                <g
                  filter="url(#a)"
                  transform="translate(-342 -18)"
                >
                  <path
                    d="M348 24c-1.105 0-2-.895-2-2s.895-2 2-2 2 .895 2 2-.895 2-2 2zm7 0c-1.105 0-2-.895-2-2s.895-2 2-2 2 .895 2 2-.895 2-2 2zm7 0c-1.105 0-2-.895-2-2s.895-2 2-2 2 .895 2 2-.895 2-2 2z"
                  />
                </g>
                <g
                  transform="translate(-342 -18)"
                >
                  <path
                    d="M348 24c-1.105 0-2-.895-2-2s.895-2 2-2 2 .895 2 2-.895 2-2 2zm7 0c-1.105 0-2-.895-2-2s.895-2 2-2 2 .895 2 2-.895 2-2 2zm7 0c-1.105 0-2-.895-2-2s.895-2 2-2 2 .895 2 2-.895 2-2 2z"
                  />
                </g>
              </svg>
            </div>
          </button>
          <div
            class="menuContent isClosed"
            style="right: -12px; min-width: 0;"
          >
            <ul
              class="content"
            >
              <li
                class="root"
                role="menuitem"
              >
                <button
                  class="menuItem inlineTextButton"
                >
                  <span>
                    ManageListingCard.closeListing
                  </span>
                </button>
              </li>
            </ul>
          </div>
        </div>
      </div>
    </div>
  </div>
  <div
    class="info"
  >
    <div
      class="price"
    >
      <span>
        ManageListingCard.price
      </span>
    </div>
    <div
      class="mainInfo"
    >
      <div
        class="titleWrapper"
      >
        <button
          class="title inlineTextButton"
        >
          <span
            style="word-break: break-all;"
          >
            listing1
          </span>
           title
        </button>
      </div>
    </div>
    <div
      class="manageLinks"
    >
      <a
        class="manageLink"
        href="/l/listing1-title/listing1/edit/details"
      >
        <span>
          ManageListingCard.editListing
        </span>
      </a>
    </div>
  </div>
</div>
`;
